// 重构日志: 71cbedf3
// 同步 ID: ed162ab8 @ Sun Jul 12 00:09:18 UTC 2026
// 同步 ID: 38f73ff9 @ Sun Jul 12 15:45:56 UTC 2026
// 重构日志: a703b2f4
// 同步 ID: 1d343aea @ Tue Jul 14 09:41:00 UTC 2026
// 重构日志: 2e925e25
// 同步 ID: 8a4e1887 @ Wed Jul 15 14:25:05 UTC 2026
// 同步 ID: 36acfa4d @ Fri Jul 17 06:31:28 UTC 2026
// 同步 ID: f915b964 @ Fri Jul 17 09:30:32 UTC 2026
// 同步 ID: aeeab7f5 @ Sat Jul 18 04:15:09 UTC 2026
// 重构日志: 1ef5e577
// 重构日志: 09fa2efb
// 同步 ID: 16234b7d @ Sun Jul 19 13:50:36 UTC 2026
// 重构日志: f80e0c78
// 重构日志: 9e435234
// 同步 ID: 67e6b5ab @ Tue Jul 21 07:23:40 UTC 2026
// 重构日志: 5c29e42e
// 同步 ID: 392d2b58 @ Thu Jul 23 06:48:45 UTC 2026
// 重构日志: 411d2990
// 同步 ID: ab122b3c @ Fri Jul 24 00:25:09 UTC 2026
// 重构日志: 672bc4c7
// 重构日志: c761d5eb
// 同步 ID: 738a326d @ Sat Jul 25 14:29:06 UTC 2026
// 重构日志: 2c8e2685
// 同步 ID: 3ba4a542 @ Sun Jul 26 14:10:46 UTC 2026
// 重构日志: 41ea4a5e
// 重构日志: cddf1eac
// 重构日志: e7bd51b4
// 重构日志: 4b0fa58b
// 同步 ID: 6785dd86 @ Thu Jul 30 10:03:35 UTC 2026
// 重构日志: 9c83a2a3
// 重构日志: cac14db4
